ab_to_dq.gce
abc_to_alphabeta.gce
abc_to_alphabeta_1.gce
abc_to_alphabeta_2.gce
abc_to_alphabeta_3.gce
abc_to_dq.gce
abc_to_dq0_1.gce
abc_to_dq0_2.gce
abc_to_dq_1.gce
abc_to_dq_2.gce
abc_to_theta.gce
abc_to_zalphabeta.gce
abs.gce
acos_deg.gce
acos_rad.gce
and_2.gce
and_3.gce
and_2_dly.gce
asin_deg.gce
asin_rad.gce
atan2_deg.gce
atan2_rad.gce
average.gce
average_mv.gce
bldc_clock_1.gce
bldc_trz.gce
calc_avg_rms.gce
calc_pf.gce
calc_thd.gce
calcac_pf.gce
calculator_1.gce
calculator_2.gce
ceil.gce
clock.gce
clock2.gce
clock2_a.gce
clock6_a.gce
clock_1.gce
clock_4.gce
clock_delay_1.gce
clock_delay_2.gce
clock_gnrl.gce
clock_pwl20.gce
clock_thyr.gce
clock_thyr_2.gce
clock_thyr_6.gce
clock_trz.gce
cmprtr.gce
cmprtr_1.gce
cmprtr_1_dly.gce
cmprtr_1a.gce
cmprtr_hyst_1.gce
cmprtr_hyst_1_dly.gce
cmprtr_hyst_3.gce
connector_g.gce
const.gce
const_pi_1.gce
const_syncmc.gce
const_tmech_turbine.gce
cosine.gce
d_filter_z0_p1.gce
d_filter_z0_p2.gce
d_filter_z1.gce
d_filter_z1_p1.gce
d_filter_z2_p2.gce
ddt.gce
ddt_1.gce
deg_to_rad.gce
delay_2.gce
delay_onestep.gce
delay_onestep_3.gce
diff_2.gce
div_2.gce
divscl.gce
dq0_to_abc_1.gce
dq0_to_abc_2.gce
dq_to_ab.gce
dq_to_abc.gce
dq_to_abc_1.gce
dtc.gce
dummy.gce
eff_d.gce
eff_q.gce
exc_rotor.gce
filter_butterworth_5.gce
filter_bp2.gce
filter_bs2.gce
filter_hp2.gce
filter_lp2.gce
filter_z0_p1.gce
filter_z0_p1_efd.gce
filter_z0_p2.gce
filter_z0_p3.gce
filter_z0_p4.gce
filter_z0_p5.gce
filter_z1.gce
filter_z1_p1.gce
filter_z1_p2.gce
filter_z2.gce
filter_z2_p2.gce
filter_z3_p3.gce
filter_z4_p4.gce
filter_z5_p5.gce
floor.gce
fmod.gce
gate_pulse_1.gce
gate_pulse_2.gce
gate_pulse_3.gce
int_nearest.gce
intgrtr.gce
intgrtr3.gce
intgrtr_reset.gce
intgrtr_reset_1.gce
inv_clock_6_1.gce
lag_1.gce
line_to_phase.gce
linear_1.gce
lmtr.gce
lmtr_modulo1.gce
lut_file_1_to_3.gce
lut_file_2_to_1.gce
lut_file_3_to_1.gce
lut_file_4_to_1.gce
max_2.gce
max_3.gce
max_4.gce
min_2.gce
min_3.gce
min_4.gce
modulo_twopi.gce
monostable_1.gce
monostable_2.gce
monostable_angle.gce
mult_2.gce
mult_2a.gce
mult_3a.gce
multscl.gce
multscl1.gce
mux.gce
nand_2.gce
nand_2_dly.gce
nor_2.gce
nor_2_dly.gce
not.gce
not_dly.gce
notch_reject.gce
or_2.gce
or_3.gce
or_2_dly.gce
osc_3.gce
peak_detector.gce
picntrl.gce
picntrl_lmt_1.gce
picntrl_lmt_2.gce
pidcntrl_lmt_1.gce
pll_2.gce
pll_3p_1.gce
poly_4.gce
power_meter_1.gce
pstprc_div2.gce
pstprc_mult2.gce
pulse.gce
pulse20.gce
pwl10_xy.gce
pwl20.gce
pwl_file.gce
pwl_file_xy_1.gce
pwm20_1.gce
pwm20_2.gce
pwm20_3.gce
pwm_1.gce
pwm_2.gce
pwm_3.gce
pwm_file_1.gce
pwm_file_2.gce
pwm_file_3.gce
rad_to_deg.gce
reciprocal.gce
rms.gce
rms_1.gce
rms_3ph_1.gce
rms_mv.gce
sampler2.gce
sampler3.gce
set_rparm.gce
sine.gce
slip.gce
sqr.gce
sqrt.gce
src_table_1.gce
srcac.gce
srcac_3ph.gce
srcac_fwr.gce
srm_angle.gce
srm_logic.gce
step.gce
sum_2.gce
sum_3.gce
sum_5.gce
switch_pair_0.gce
switch_pair_1.gce
syncmc_delta.gce
tanh.gce
torque1.gce
triangle_1.gce
triangle_2.gce
triangle_2a.gce
triangle_3.gce
turbine_gnrl.gce
turbine_hp.gce
user_function_12_1.gce
user_function_12_12.gce
user_function_1_1.gce
user_function_1_3.gce
user_function_2_1.gce
user_function_2_2.gce
user_function_3_1.gce
user_function_3_3.gce
user_function_6_1.gce
user_function_6_3.gce
user_function_6_6.gce
vao_to_van.gce
vco1.gce
vsc1.gce
vtof1.gce
xor_2.gce
xor_2_dly.gce
zalphabeta_to_abc.gce
