const.ssg
d_filter_z0_p1.ssg
d_filter_z0_p2.ssg
d_filter_z1.ssg
d_filter_z1_p1.ssg
d_filter_z2_p2.ssg
ddt.ssg
ddt_1.ssg
diff_2.ssg
divscl.ssg
dummy.ssg
filter_bp2.ssg
filter_bs2.ssg
filter_hp2.ssg
filter_lp2.ssg
filter_z0_p1.ssg
filter_z0_p2.ssg
filter_z0_p3.ssg
filter_z0_p4.ssg
filter_z0_p5.ssg
filter_z1.ssg
filter_z1_p1.ssg
filter_z1_p2.ssg
filter_z2.ssg
filter_z2_p2.ssg
filter_z3_p3.ssg
filter_z4_p4.ssg
filter_z5_p5.ssg
intgrtr.ssg
multscl.ssg
pstprc_div2.ssg
srcac.ssg
sum_2.ssg
sum_3.ssg
sum_5.ssg
