ab_to_dq.xbe
abc_to_alphabeta.xbe
abc_to_alphabeta_1.xbe
abc_to_alphabeta_2.xbe
abc_to_dq.xbe
abc_to_dq_1.xbe
abc_to_dq_2.xbe
abc_to_theta.xbe
abc_to_zalphabeta.xbe
abs.xbe
and_2.xbe
average.xbe
average_mv.xbe
bldc1a.xbe
bldc1b.xbe
bldc_clock_1.xbe
bldc_trz.xbe
ceil.xbe
clock.xbe
clock_1.xbe
clock_3.xbe
clock_gnrl.xbe
clock_pwl20.xbe
clock_trz.xbe
clock2.xbe
cmprtr.xbe
cmprtr_1.xbe
cmprtr_2.xbe
cmprtr_1a.xbe
cmprtr_1b.xbe
cmprtr_hyst_1.xbe
cmprtr_hyst_1a.xbe
cmprtr_hyst_2b.xbe
const.xbe
const_pi_1.xbe
cosine.xbe
d_filter_z0_p1.xbe
d_filter_z0_p2.xbe
d_filter_z1.xbe
d_filter_z1_p1.xbe
d_filter_z2_p2.xbe
deg_to_rad.xbe
delay_2.xbe
diff_2.xbe
div_2.xbe
divscl.xbe
dq_to_ab.xbe
dq_to_abc.xbe
dq_to_abc_1.xbe
e_c.xbe
e_diode_r.xbe
e_l.xbe
e_r.xbe
e_thyristor.xbe
e_voltmeter_fb.xbe
e_vpulse.xbe
e_vsrcac.xbe
e_vsrcdc.xbe
filter_1.xbe
filter_z0_p1.xbe
filter_z1_p1.xbe
floor.xbe
gtox.xbe
indmc1.xbe
indmc2a.xbe
indmc2b.xbe
int_nearest.xbe
intgrtr.xbe
intgrtr2.xbe
intgrtr_2.xbe
intgrtr_reset.xbe
lag_1.xbe
line_to_phase.xbe
linear_1.xbe
lmtr.xbe
lut_file_1_to_3.xbe
max_2.xbe
max_3.xbe
max_4.xbe
min_2.xbe
min_3.xbe
min_4.xbe
modulo_twopi.xbe
mult_2.xbe
mult_2a.xbe
mult_3a.xbe
multscl.xbe
mux.xbe
nand_2.xbe
nor_2.xbe
not.xbe
or_2.xbe
pstprc_div2.xbe
pulse.xbe
pulse20.xbe
pwl10_xy.xbe
pwl_file.xbe
pwl20.xbe
rad_to_deg.xbe
rms.xbe
rms_3ph_1.xbe
rms_mv.xbe
sampler2.xbe
sampler3.xbe
sine.xbe
srcac.xbe
src_table_1.xbe
sum_2.xbe
sum_3.xbe
sum_filter_1.xbe
triangle_1.xbe
triangle_2.xbe
triangle_3.xbe
user_function_12_1.xbe
user_function_12_12.xbe
user_function_1_1.xbe
user_function_1_3.xbe
user_function_2_1.xbe
user_function_2_2.xbe
user_function_3_1.xbe
user_function_3_2.xbe
user_function_3_3.xbe
user_function_6_1.xbe
user_function_6_3.xbe
user_function_6_6.xbe
user_function_6_8.xbe
vsi3_1.xbe
xor_2.xbe
