ammeter_fb.ebe
ammeter.ebe
and_2.ebe
battery_c.ebe
battery_r.ebe
battery_vsrc.ebe
bjt_spice_5.ebe
bjt_spice_6.ebe
bldc1.ebe
bridge_3ph_1.ebe
c.ebe
c1.ebe
c_crystal.ebe
c_delay.ebe
c_pu.ebe
c_pu_sync.ebe
c_z.ebe
cccs_5.ebe
cccs.ebe
ccvs_2.ebe
ccvs_ddt1.ebe
ccvs.ebe
clock.ebe
clock_pwl20.ebe
cmprtr_1.ebe
cmprtr_2.ebe
cool_vcvs_1.ebe
cool_vcvs_2.ebe
cool_vcvs_3.ebe
cool_vccs_1.ebe
cool_vccs_2.ebe
cool_vccs_3.ebe
cool_vccs_4.ebe
cool_vccs_5.ebe
dac1.ebe
dac1a.ebe
dac4.ebe
dac8.ebe
dcmc.ebe
dcmc_1.ebe
diode.ebe
diode_r.ebe
diode_r_spice_3.ebe
diode_spice_1.ebe
diode_spice_3.ebe
diode_spice_3a.ebe
ground_dummy_1.ebe
indmc.ebe
ipulse.ebe
isrc_1.ebe
isrc_pwl20.ebe
isrcac.ebe
isrcdc.ebe
jfet_spice_1.ebe
jfet_spice_2.ebe
l.ebe
l_crystal.ebe
l_pu.ebe
l_pu_sync.ebe
l_theta.ebe
l_z.ebe
mos_bsim1.ebe
mos_l1_r.ebe
mos_l3_r.ebe
mos_level1.ebe
mos_level3.ebe
mos_r.ebe
nand_2.ebe
nor_2.ebe
not.ebe
or_2.ebe
pmsm.ebe
pwl20.ebe
r_jfet.ebe
r.ebe
r_area.ebe
r_pot.ebe
r_time.ebe
r_xfmr_1.ebe
sampler2.ebe
solar_module_1b.ebe
solar_module_rs.ebe
spdt.ebe
spdt1.ebe
spdt_boost.ebe
spdt_buck.ebe
switch_d.ebe
switch_e.ebe
switch_g1.ebe
syncmc_1.ebe
thyristor_g.ebe
thyristor_g_2.ebe
triangle_1.ebe
triangle_2.ebe
triangle_3.ebe
vccs.ebe
vcvs_2v.ebe
vcvs.ebe
voltmeter_fb.ebe
voltmeter.ebe
vpulse20.ebe
vpulse.ebe
vsrc_1.ebe
vsrc_1a.ebe
vsrc_am.ebe
vsrc_fm.ebe
vsrc_x.ebe
vsrcac.ebe
vsrcac_ramp.ebe
vsrcdc.ebe
xfmr_basic_1.ebe
xfmr_2w_ideal.ebe
xfmr_3w_ideal.ebe
xfmr_ideal.ebe
xfmr_level1_1ph.ebe
xfmr_level2_1ph.ebe
xfmr_level1_1ph_1_2.ebe
xfmr_level1_1ph_4w.ebe
xfmr.ebe
xor_2.ebe
