ammeter.ece
ammeter_fb.ece
ammeter_small.ece
and_2_dly.ece
battery_c.ece
battery_r.ece
battery_vsrc.ece
bjt_npn_1.ece
bjt_pnp_1.ece
bldc1.ece
c.ece
c_pu.ece
c_pu_sync.ece
cccs.ece
ccvs.ece
clock.ece
clock_pwl20.ece
connector_e.ece
cool_650_j2_var.ece
coolmos_L1.ece
coolmos_L3.ece
crystal.ece
dac1.ece
dac1a.ece
dac4.ece
dac8.ece
dcmc.ece
dcmc_1.ece
diode.ece
diode_bridge_1ph.ece
diode_bridge_3ph.ece
diode_r.ece
diode_r_c.ece
diode_spice_1.ece
diode_zener.ece
diode_zener_1.ece
diode_zener_r.ece
filter_1.ece
ground.ece
ground_dummy.ece
igbt_irg7psh73k10pbf.ece
indmc.ece
inverter_4q.ece
ipulse.ece
isrc_1.ece
isrc_pwl20.ece
isrcac.ece
isrcdc.ece
jfet_spice_n.ece
jfet_spice_p.ece
l.ece
l_mutual.ece
l_pu.ece
l_pu_sync.ece
l_theta.ece
mos_bsim1_n.ece
mos_bsim1_p.ece
mos_level1_n.ece
mos_level1_p.ece
mos_level3_n.ece
mos_level3_p.ece
nand_2_dly.ece
nor_2_dly.ece
not_dly.ece
opamp1_a.ece
opamp1_b.ece
opamp2_a.ece
opamp_741_a.ece
opamp_741_b.ece
opamp_lf411_a.ece
opamp_lf411_b.ece
opamp_TL082_a.ece
opamp_TL082_b.ece
or_2_dly.ece
pmsm.ece
r.ece
r_delta.ece
r_pot.ece
r_star.ece
rc_parallel.ece
rc_series.ece
rl_delta.ece
rl_parallel.ece
rl_series.ece
rl_star.ece
sampler2.ece
sc_bu.ece
sc_float_cap.ece
sc_ground_cap.ece
sc_opamp2.ece
sc_res_1.ece
sc_source_3.ece
sc_spgc_2.ece
sc_swe.ece
sc_swo.ece
sc_swpe.ece
sc_swpo.ece
sc_tsc_1.ece
sc_tsi_1.ece
solar_cell_1.ece
solar_module_1.ece
spdt.ece
spdt1.ece
spdt_boost.ece
spdt_buck.ece
switch_d.ece
switch_diode_g.ece
switch_e.ece
switch_g1.ece
switch_g1_cap.ece
switch_g2.ece
syncmc_1.ece
thyristor_g.ece
thyristor_g_2.ece
triangle_1.ece
triangle_2.ece
triangle_3.ece
vccs.ece
vcvs.ece
vdiff.ece
voltmeter.ece
voltmeter_fb.ece
vpulse.ece
vpulse20.ece
vsrc_1.ece
vsrc_1a.ece
vsrc_am.ece
vsrc_fm.ece
vsrc_pwl20.ece
vsrcac.ece
vsrcac3.ece
vsrcac3_ramp.ece
vsrcdc.ece
vsrcdc0.ece
vsrcdc1a.ece
vsrcdc3.ece
vsrcdc_box.ece
xfmr_basic_1.ece
xfmr_level0_1ph.ece
xfmr_level0_1ph_1_2.ece
xfmr_level0_1ph_2_2.ece
xfmr_level0_3ph_d_d.ece
xfmr_level0_3ph_d_y.ece
xfmr_level0_3ph_y_d.ece
xfmr_level0_3ph_y_y.ece
xfmr_level1_1ph.ece
xfmr_level1_1ph_1_2.ece
xfmr_level1_3ph_d_d.ece
xfmr_level1_3ph_d_y.ece
xfmr_level1_3ph_y_d.ece
xfmr_level1_3ph_y_y.ece
xfmr_level2_1ph.ece
xfmr_level2_1ph_1_2.ece
xfmr_level2_3ph_d_d.ece
xfmr_level2_3ph_d_y.ece
xfmr_level2_3ph_y_d.ece
xfmr_level2_3ph_y_y.ece
xfmr_level2a_1ph.ece
xfmr_level2a_1ph_1_2.ece
xfmr_level2a_3ph_d_d.ece
xfmr_level2a_3ph_d_y.ece
xfmr_level2a_3ph_y_d.ece
xfmr_level2a_3ph_y_y.ece
xfmr_level3_1ph.ece
xfmr_level3_3ph_d_d.ece
xfmr_level3_3ph_y_d.ece
xfmr_level3_3ph_y_y.ece
xfmr_level4_3ph_y_y.ece
xor_2_dly.ece
z.ece
