abc_to_alphabeta.gbe
abc_to_alphabeta_1.gbe
abc_to_alphabeta_2.gbe
abc_to_alphabeta_3.gbe
abc_to_dq0_1.gbe
abc_to_dq0_2.gbe
abc_to_dq_2.gbe
abctodq.gbe
abs.gbe
acos_deg.gbe
acos_rad.gbe
and_2.gbe
and_3.gbe
asin_deg.gbe
asin_rad.gbe
atan2_deg.gbe
atan2_rad.gbe
average.gbe
average_1.gbe
average_mv.gbe
bldc_clock_1.gbe
bldc_trz.gbe
calculator_1.gbe
calculator_2.gbe
ceil.gbe
clock.gbe
clock2.gbe
clock_1.gbe
clock_3.gbe
clock_delay_1.gbe
clock_delay_2.gbe
clock_gnrl.gbe
clock_pwl20.gbe
clock_thyr.gbe
clock_thyr_1.gbe
clock_trz.gbe
cmprtr.gbe
cmprtr_1.gbe
cmprtr_1a.gbe
cmprtr_1b.gbe
cmprtr_1c.gbe
cmprtr_2.gbe
cmprtr_hyst_1.gbe
cmprtr_hyst_2.gbe
cmprtr_hyst_2b.gbe
const.gbe
const_pi_1.gbe
const_1.gbe
const_syncmc.gbe
const_tmech_turbine.gbe
cosine.gbe
d_filter_z0_p1.gbe
d_filter_z0_p2.gbe
d_filter_z1.gbe
d_filter_z1_p1.gbe
d_filter_z2_p2.gbe
ddt.gbe
ddt_1.gbe
deg_to_rad.gbe
delay_2.gbe
delay_onestep.gbe
diff_2.gbe
divscl.gbe
dq0_to_abc_1.gbe
dq0_to_abc_2.gbe
dq_to_abc.gbe
dtc_1.gbe
dtc_2.gbe
dtc_3.gbe
dtc_4.gbe
dummy.gbe
eff_d.gbe
eff_q.gbe
exc_rotor.gbe
filter_bp2.gbe
filter_bs2.gbe
filter_hp2.gbe
filter_lp2.gbe
filter_z0_p1.gbe
filter_z0_p1_efd.gbe
filter_z0_p2.gbe
filter_z0_p3.gbe
filter_z0_p4.gbe
filter_z0_p5.gbe
filter_z1.gbe
filter_z1_p1.gbe
filter_z1_p2.gbe
filter_z2.gbe
filter_z2_p2.gbe
filter_z3_p3.gbe
filter_z4_p4.gbe
filter_z5_p5.gbe
floor.gbe
fmod.gbe
int_nearest.gbe
intgrtr.gbe
intgrtr2.gbe
intgrtr_reset.gbe
intgrtr_reset_1.gbe
lag_1.gbe
linear_1.gbe
lmtr.gbe
lut_file_1_to_3.gbe
lut_file_2_to_1.gbe
lut_file_3_to_1.gbe
lut_file_4_to_1.gbe
max_2.gbe
max_3.gbe
max_4.gbe
min_2.gbe
min_3.gbe
min_4.gbe
modulo_twopi.gbe
monostable.gbe
monostable_1.gbe
monostable_1a.gbe
mult_2.gbe
mult_2a.gbe
mult_3a.gbe
multscl.gbe
mux.gbe
nand_2.gbe
nor_2.gbe
not.gbe
or_2.gbe
or_3.gbe
peak_detector.gbe
pll_1a.gbe
pole_2_b.gbe
poly_4.gbe
pstprc_div2.gbe
pulse.gbe
pulse20.gbe
pwl10_xy.gbe
pwl20.gbe
pwl_file.gbe
pwl_file_xy_1.gbe
pwm20_1.gbe
pwm20_2.gbe
pwm_file_1.gbe
pwm_file_2.gbe
rad_to_deg.gbe
reciprocal.gbe
rms.gbe
rms_3ph_1.gbe
rms_mv.gbe
sampler1.gbe
sampler2.gbe
sampler3.gbe
set_rparm.gbe
sine.gbe
slip.gbe
sqr.gbe
sqrt.gbe
src_table_1.gbe
srcac.gbe
srcac_fwr.gbe
srm_logic.gbe
step.gbe
sum_2.gbe
sum_3.gbe
sum_5.gbe
syncmc_delta.gbe
tanh.gbe
torque1.gbe
triangle_1.gbe
triangle_2.gbe
triangle_2a.gbe
triangle_3.gbe
turbine_gnrl.gbe
turbine_hp.gbe
user_function_12_1.gbe
user_function_12_12.gbe
user_function_1_1.gbe
user_function_1_3.gbe
user_function_2_1.gbe
user_function_2_2.gbe
user_function_3_1.gbe
user_function_3_3.gbe
user_function_6_1.gbe
user_function_6_3.gbe
user_function_6_6.gbe
vtof1.gbe
xtog.gbe
zero_2_b.gbe
