ab_to_dq.xce
abc_to_alphabeta.xce
abc_to_alphabeta_1.xce
abc_to_alphabeta_2.xce
abc_to_dq.xce
abc_to_dq_1.xce
abc_to_dq_2.xce
abc_to_theta.xce
abc_to_zalphabeta.xce
abs.xce
and_2.xce
average.xce
average_mv.xce
bldc1.xce
bldc_clock_1.xce
bldc_trz.xce
ceil.xce
clock.xce
clock2.xce
clock_1.xce
clock_3.xce
clock_gnrl.xce
clock_pwl20.xce
clock_trz.xce
cmprtr.xce
cmprtr_1.xce
cmprtr_1a.xce
cmprtr_hyst_1.xce
cmprtr_hyst_3.xce
connector_x.xce
const.xce
const_pi_1.xce
cosine.xce
d_filter_z0_p1.xce
d_filter_z0_p2.xce
d_filter_z1.xce
d_filter_z1_p1.xce
d_filter_z2_p2.xce
deg_to_rad.xce
delay_2.xce
diff_2.xce
div_2.xce
divscl.xce
dq_to_ab.xce
dq_to_abc.xce
dq_to_abc_1.xce
e_c.xce
e_diode_r.xce
e_ground.xce
e_ground_dummy.xce
e_l.xce
e_r.xce
e_thyristor.xce
e_voltmeter_fb.xce
e_vpulse.xce
e_vsrcac.xce
e_vsrcdc.xce
filter_1.xce
filter_z0_p1.xce
filter_z1_p1.xce
floor.xce
gtox.xce
indmc1.xce
indmc2.xce
indmc4.xce
int_nearest.xce
intgrtr.xce
intgrtr_2b.xce
intgrtr_reset.xce
inv_clock_6_1.xce
lag_1.xce
line_to_phase.xce
linear_1.xce
lmtr.xce
lut_file_1_to_3.xce
max_2.xce
max_3.xce
max_4.xce
min_2.xce
min_3.xce
min_4.xce
modulo_twopi.xce
mult_2.xce
mult_2a.xce
mult_3a.xce
multscl.xce
mux.xce
nand_2.xce
nor_2.xce
not.xce
or_2.xce
picntrl.xce
picntrl_lmt_1.xce
picntrl_lmt_2.xce
pstprc_div2.xce
pulse.xce
pulse20.xce
pwl10_xy.xce
pwl20.xce
pwl_file.xce
pwm_1.xce
rad_to_deg.xce
rms.xce
rms_3ph_1.xce
rms_mv.xce
sampler2.xce
sampler3.xce
sine.xce
src_table_1.xce
srcac.xce
srcac_3ph.xce
sum_2.xce
sum_3.xce
switch_pair_1.xce
triangle_1.xce
triangle_2.xce
triangle_3.xce
user_function_12_1.xce
user_function_12_12.xce
user_function_1_1.xce
user_function_1_3.xce
user_function_2_1.xce
user_function_2_2.xce
user_function_3_1.xce
user_function_3_2.xce
user_function_3_3.xce
user_function_6_1.xce
user_function_6_3.xce
user_function_6_6.xce
user_function_6_8.xce
vsi3_1.xce
xor_2.xce
